
> guo-games@0.1.0 smoke
> node scripts/smoke.mjs

node:internal/modules/run_main:107
    triggerUncaughtException(
    ^

page.goto: net::ERR_CONNECTION_REFUSED at http://127.0.0.1:4173/
Call log:
[2m  - navigating to "http://127.0.0.1:4173/", waiting until "load"[22m

    at /Users/rolly/Build/worktrees/guo-games-mvp/scripts/smoke.mjs:9:14 {
  log: [
    '  - navigating to "http://127.0.0.1:4173/", waiting until "load"'
  ],
  name: 'Error'
}

Node.js v26.7.0

> guo-games@0.1.0 smoke
> node scripts/smoke.mjs

node:internal/modules/run_main:107
    triggerUncaughtException(
    ^

ExpectError: expect(locator).toBeVisible() failed

Locator: getByRole('heading', { name: 'Good stories start here.' })
Expected: visible
Timeout: 5000ms
Error: element(s) not found

Call log:
  - Expect "toBeVisible" getByRole('heading', { name: 'Good stories start here.' }) with timeout 5000ms
  - waiting for getByRole('heading', { name: 'Good stories start here.' })

    at captureRawStack (/Users/rolly/Build/worktrees/guo-games-mvp/node_modules/playwright-core/lib/coreBundle.js:8588:17)
    at callMatcherAsStep (/Users/rolly/Build/worktrees/guo-games-mvp/node_modules/playwright/lib/matchers/expect.js:13310:57)
    at Object.toBeVisible (/Users/rolly/Build/worktrees/guo-games-mvp/node_modules/playwright/lib/matchers/expect.js:13302:23)
    at /Users/rolly/Build/worktrees/guo-games-mvp/scripts/smoke.mjs:10:77 {
  matcherResult: {
    message: 'expect(locator).toBeVisible() failed\n' +
      '\n' +
      "Locator: getByRole('heading', { name: 'Good stories start here.' })\n" +
      'Expected: visible\n' +
      'Timeout: 5000ms\n' +
      'Error: element(s) not found\n' +
      '\n' +
      'Call log:\n' +
      `  - Expect "toBeVisible" getByRole('heading', { name: 'Good stories start here.' }) with timeout 5000ms\n` +
      "  - waiting for getByRole('heading', { name: 'Good stories start here.' })\n",
    pass: false,
    actual: undefined,
    name: 'toBeVisible',
    expected: 'visible',
    log: [
      `  - Expect "toBeVisible" getByRole('heading', { name: 'Good stories start here.' }) with timeout 5000ms`,
      "  - waiting for getByRole('heading', { name: 'Good stories start here.' })"
    ],
    timeout: 5000,
    ariaSnapshot: '- text: "[plugin:vite:import-analysis] Failed to resolve import \\"./App\\" from \\"src/main.tsx\\". Does the file exist? /Users/rolly/Build/worktrees/guo-games-mvp/src/main.tsx:3:20 1 | import React from \\"react\\"; 2 | import { createRoot } from \\"react-dom/client\\"; 3 | import { App } from \\"./App\\"; | ^ 4 | import \\"./styles.css\\"; 5 | var _jsxFileName = \\"/Users/rolly/Build/worktrees/guo-games-mvp/src/main.tsx\\"; at TransformPluginContext._formatLog (file:///Users/rolly/Build/worktrees/guo-games-mvp/node_modules/vite/dist/node/chunks/node.js:8393:39) at TransformPluginContext.error (file:///Users/rolly/Build/worktrees/guo-games-mvp/node_modules/vite/dist/node/chunks/node.js:8390:14) at normalizeUrl (file:///Users/rolly/Build/worktrees/guo-games-mvp/node_modules/vite/dist/node/chunks/node.js:26058:18) at async file:///Users/rolly/Build/worktrees/guo-games-mvp/node_modules/vite/dist/node/chunks/node.js:26128:30 at async Promise.all (index 2) at async TransformPluginContext.transform (file:///Users/rolly/Build/worktrees/guo-games-mvp/node_modules/vite/dist/node/chunks/node.js:26094:4) at async EnvironmentPluginContainer.transform (file:///Users/rolly/Build/worktrees/guo-games-mvp/node_modules/vite/dist/node/chunks/node.js:8172:14) at async loadAndTransform (file:///Users/rolly/Build/worktrees/guo-games-mvp/node_modules/vite/dist/node/chunks/node.js:19634:26) Click outside, press Esc key, or fix the code to dismiss. You can also disable this overlay by setting"\n' +
      '- code: server.hmr.overlay\n' +
      '- text: to\n' +
      '- code: "false"\n' +
      '- text: in\n' +
      '- code: vite.config.ts\n' +
      '- text: .'
  }
}

Node.js v26.7.0
