Running 30 tests using 1 worker
  ✓   1 [mobile] › e2e/bureau.spec.ts:23:1 › the Bureau opens a case, files an incident, and strikes it (527ms)
  ✓   2 [mobile] › e2e/bureau.spec.ts:48:1 › Seven Witnesses testify on one phone and are read out without names (481ms)
  ✓   3 [mobile] › e2e/bureau.spec.ts:81:1 › a Tribunal vote from a deep link lands in the Case File (476ms)
  ✓   4 [mobile] › e2e/bureau.spec.ts:102:1 › a Classified Order stays with its owner (463ms)
  ✓   5 [mobile] › e2e/bureau.spec.ts:122:1 › a save from before the Bureau opens straight to Today, with its history intact (167ms)
  ✓   6 [mobile] › e2e/bureau.spec.ts:136:1 › every Bench card renders, and the whole deck fits a phone without sideways scroll (1.6s)
  ✓   7 [mobile] › e2e/smoke.spec.ts:11:1 › a first-time visitor can join and reach their next action (312ms)
  ✓   8 [mobile] › e2e/smoke.spec.ts:32:1 › the core loop works end to end in a real browser (1.5s)
  ✓   9 [mobile] › e2e/smoke.spec.ts:97:1 › the app ships an installable manifest and an offline shell (166ms)
  ✓  10 [mobile] › e2e/smoke.spec.ts:114:1 › the join form can be completed with a keyboard alone (174ms)
  ✓  11 [mobile] › e2e/smoke.spec.ts:125:1 › every control is labelled and every image has alternative text (466ms)
  ✓  12 [mobile] › e2e/smoke.spec.ts:163:1 › a full size phone photo is resized instead of rejected (629ms)
  -  13 [mobile] › e2e/smoke.spec.ts:203:1 › the whole app opens with no network once it has been visited
  ✓  14 [mobile] › e2e/smoke.spec.ts:229:1 › a spectator can follow along with nothing to tap that would be refused (286ms)
  ✓  15 [mobile] › e2e/smoke.spec.ts:240:1 › the offline shell only substitutes itself for page navigations (131ms)
  ✓  16 [desktop] › e2e/bureau.spec.ts:23:1 › the Bureau opens a case, files an incident, and strikes it (1.3s)
  ✓  17 [desktop] › e2e/bureau.spec.ts:48:1 › Seven Witnesses testify on one phone and are read out without names (1.3s)
  ✓  18 [desktop] › e2e/bureau.spec.ts:81:1 › a Tribunal vote from a deep link lands in the Case File (1.6s)
  ✓  19 [desktop] › e2e/bureau.spec.ts:102:1 › a Classified Order stays with its owner (1.3s)
  ✓  20 [desktop] › e2e/bureau.spec.ts:122:1 › a save from before the Bureau opens straight to Today, with its history intact (94ms)
  ✓  21 [desktop] › e2e/bureau.spec.ts:136:1 › every Bench card renders, and the whole deck fits a phone without sideways scroll (4.4s)
  ✓  22 [desktop] › e2e/smoke.spec.ts:11:1 › a first-time visitor can join and reach their next action (628ms)
  ✓  23 [desktop] › e2e/smoke.spec.ts:32:1 › the core loop works end to end in a real browser (3.7s)
  ✓  24 [desktop] › e2e/smoke.spec.ts:97:1 › the app ships an installable manifest and an offline shell (74ms)
  ✓  25 [desktop] › e2e/smoke.spec.ts:114:1 › the join form can be completed with a keyboard alone (84ms)
  ✓  26 [desktop] › e2e/smoke.spec.ts:125:1 › every control is labelled and every image has alternative text (930ms)
  ✓  27 [desktop] › e2e/smoke.spec.ts:163:1 › a full size phone photo is resized instead of rejected (841ms)
  ✓  28 [desktop] › e2e/smoke.spec.ts:203:1 › the whole app opens with no network once it has been visited (243ms)
  ✓  29 [desktop] › e2e/smoke.spec.ts:229:1 › a spectator can follow along with nothing to tap that would be refused (552ms)
  ✓  30 [desktop] › e2e/smoke.spec.ts:240:1 › the offline shell only substitutes itself for page navigations (60ms)
  1 skipped
  29 passed (25.8s)
